cb		-fstype=nfs,timeo=14,nodev,noauto	visnu:/labs/cb
crve-ere	-fstype=nfs,timeo=14,nodev,noauto	visnu:/labs/crve-ere
crve-fabian	-fstype=nfs,timeo=14,nodev,noauto	visnu:/labs/crve-fabian
csbig		-fstype=nfs,timeo=14,nodev,noauto	visnu:/labs/csbig
dl		-fstype=nfs,timeo=14,nodev,noauto	visnu:/labs/dl
genut		-fstype=nfs,timeo=14,nodev,noauto	visnu:/labs/genut
gmo		-fstype=nfs,timeo=14,nodev,noauto	visnu:/labs/gmo
gpyb		-fstype=nfs,timeo=14,nodev,noauto	visnu:/labs/gpyb
lc		-fstype=nfs,timeo=14,nodev,noauto	visnu:/labs/lc
ldg		-fstype=nfs,timeo=14,nodev,noauto	visnu:/labs/ldg
lepan		-fstype=nfs,timeo=14,nodev,noauto	visnu:/labs/lepan
lf		-fstype=nfs,timeo=14,nodev,noauto	visnu:/labs/lf
lgc		-fstype=nfs,timeo=14,nodev,noauto	visnu:/labs/lgc
lgec		-fstype=nfs,timeo=14,nodev,noauto	visnu:/labs/lgec
lhim		-fstype=nfs,timeo=14,nodev,noexec	indra:/labs/lhim
liem		-fstype=nfs,timeo=14,nodev,noauto	visnu:/labs/liem
sb		-fstype=nfs,timeo=14,nodev,noauto	visnu:/labs/sb
sc		-fstype=nfs,timeo=14,nodev,noauto	visnu:/labs/sc
taller		-fstype=nfs,timeo=14,nodev,noauto	visnu:/labs/taller
ucif		-fstype=nfs,timeo=14,nodev,noexec	indra:/labs/ucif
umi		-fstype=nfs,timeo=14,nodev,noexec	indra:/labs/umi
upro		-fstype=nfs,timeo=14,nodev,noexec	indra:/labs/upro
usb		-fstype=nfs,timeo=14,nodev,noauto	visnu:/labs/usb
usec		-fstype=nfs,timeo=14,nodev,noexec	indra:/labs/usec
