/100g	-fstype=nfs,timeo=14,nodev,noauto,async	warwick:/home/100g
/home	-fstype=nfs,timeo=14,nodev,noauto,async	visnu:/home
/labs/cb	-fstype=nfs,timeo=14,nodev,noauto,async	visnu:/labs/cb
/labs/crve-ere	-fstype=nfs,timeo=14,nodev,noauto,async	visnu:/labs/crve-ere
/labs/crve-fabian	-fstype=nfs,timeo=14,nodev,noauto,async	visnu:/labs/crve-fabian
/labs/csbig	-fstype=nfs,timeo=14,nodev,noauto,async	notron:/labs/csbig
/labs/dl	-fstype=nfs,timeo=14,nodev,noauto,async	visnu:/labs/dl
/labs/genut	-fstype=nfs,timeo=14,nodev,noauto,async	visnu:/labs/genut
/labs/gmo	-fstype=nfs,timeo=14,nodev,noauto,async	visnu:/labs/gmo
/labs/gpyb	-fstype=nfs,timeo=14,nodev,noauto,async	visnu:/labs/gpyb
/labs/lc	-fstype=nfs,timeo=14,nodev,noauto,async	visnu:/labs/lc
/labs/ldg	-fstype=nfs,timeo=14,nodev,noauto,async	visnu:/labs/ldg
/labs/lepan	-fstype=nfs,timeo=14,nodev,noauto,async	visnu:/labs/lepan
/labs/lf	-fstype=nfs,timeo=14,nodev,noauto,async	visnu:/labs/lf
/labs/lgc	-fstype=nfs,timeo=14,nodev,noauto,async	visnu:/labs/lgc
/labs/lgec	-fstype=nfs,timeo=14,nodev,noauto,async	visnu:/labs/lgec
/labs/lhim	-fstype=nfs,timeo=14,nodev,noexec,async	indra:/labs/lhim
/labs/liem	-fstype=nfs,timeo=14,nodev,noauto,async	visnu:/labs/liem
/labs/sb	-fstype=nfs,timeo=14,nodev,noauto,async	visnu:/labs/sb
/labs/sc	-fstype=nfs,timeo=14,nodev,noauto,async	visnu:/labs/sc
/labs/taller	-fstype=nfs,timeo=14,nodev,noauto,async	visnu:/labs/taller
/labs/ucif	-fstype=nfs,timeo=14,nodev,noexec,async	indra:/labs/ucif
/labs/umi	-fstype=nfs,timeo=14,nodev,noexec,async	indra:/labs/umi
/labs/upro	-fstype=nfs,timeo=14,nodev,noexec,async	indra:/labs/upro
/labs/usb	-fstype=nfs,timeo=14,nodev,noauto,async	visnu:/labs/usb
/labs/usec	-fstype=nfs,timeo=14,nodev,noexec,async	indra:/labs/usec
/remote/reference	-fstype=nfs,timeo=14,nodev,noexec,noauto,async	warwick:/home/reference
/remote/vault	-fstype=nfs,timeo=14,nodev,noauto,async	indra:/respaldo/castillo/vault
